../Drivers/CMSIS_DSP/Source/TransformFunctions/arm_rfft_init_q31.c:151:1:arm_rfft_init_8192_q31	8	static
../Drivers/CMSIS_DSP/Source/TransformFunctions/arm_rfft_init_q31.c:175:1:arm_rfft_init_4096_q31	8	static
../Drivers/CMSIS_DSP/Source/TransformFunctions/arm_rfft_init_q31.c:199:1:arm_rfft_init_2048_q31	8	static
../Drivers/CMSIS_DSP/Source/TransformFunctions/arm_rfft_init_q31.c:223:1:arm_rfft_init_1024_q31	8	static
../Drivers/CMSIS_DSP/Source/TransformFunctions/arm_rfft_init_q31.c:247:1:arm_rfft_init_512_q31	8	static
../Drivers/CMSIS_DSP/Source/TransformFunctions/arm_rfft_init_q31.c:271:1:arm_rfft_init_256_q31	8	static
../Drivers/CMSIS_DSP/Source/TransformFunctions/arm_rfft_init_q31.c:295:1:arm_rfft_init_128_q31	8	static
../Drivers/CMSIS_DSP/Source/TransformFunctions/arm_rfft_init_q31.c:319:1:arm_rfft_init_64_q31	8	static
../Drivers/CMSIS_DSP/Source/TransformFunctions/arm_rfft_init_q31.c:343:1:arm_rfft_init_32_q31	8	static
../Drivers/CMSIS_DSP/Source/TransformFunctions/arm_rfft_init_q31.c:429:30:arm_rfft_init_q31	8	static
